Component: ARM Compiler 5.06 update 7 (build 960) Tool: armlink [4d3601]

==============================================================================

Section Cross References

    voilier_main.o(i.Update_Vitesse) refers to myuart.o(i.MyUART_Receive) for MyUART_Receive
    voilier_main.o(i.Update_Vitesse) refers to fflti.o(.text) for __aeabi_i2f
    voilier_main.o(i.Update_Vitesse) refers to mygpio.o(i.MyGPIO_Reset) for MyGPIO_Reset
    voilier_main.o(i.Update_Vitesse) refers to mytimer.o(i.MyTimer_PWM_Cycle) for MyTimer_PWM_Cycle
    voilier_main.o(i.Update_Vitesse) refers to mygpio.o(i.MyGPIO_Set) for MyGPIO_Set
    voilier_main.o(i.Update_Vitesse) refers to voilier_main.o(.data) for UART
    voilier_main.o(i.main) refers to gestion_girouette.o(i.init_girouette) for init_girouette
    voilier_main.o(i.main) refers to gestion_plateau.o(i.Gestion_Plateau_Init) for Gestion_Plateau_Init
    voilier_main.o(i.main) refers to voilier_main.o(.data) for Timer_IT
    voilier_main.o(i.main) refers to voilier_main.o(i.Update_Vitesse) for Update_Vitesse
    mygpio.o(i.MyGPIO_Init) refers to mygpio.o(i.MyGPIO_Set) for MyGPIO_Set
    mygpio.o(i.MyGPIO_Toggle) refers to mygpio.o(i.MyGPIO_Reset) for MyGPIO_Reset
    mygpio.o(i.MyGPIO_Toggle) refers to mygpio.o(i.MyGPIO_Set) for MyGPIO_Set
    mytimer.o(i.MyTimer_Active_IT) refers to mytimer.o(i.__NVIC_EnableIRQ) for __NVIC_EnableIRQ
    mytimer.o(i.MyTimer_Active_IT) refers to mytimer.o(i.__NVIC_SetPriority) for __NVIC_SetPriority
    mytimer.o(i.MyTimer_Active_IT) refers to mytimer.o(.data) for IT_function_TIM1
    mytimer.o(i.MyTimer_PWM_Cycle) refers to f2d.o(.text) for __aeabi_f2d
    mytimer.o(i.MyTimer_PWM_Cycle) refers to ddiv.o(.text) for __aeabi_ddiv
    mytimer.o(i.MyTimer_PWM_Cycle) refers to ffltui.o(.text) for __aeabi_ui2f
    mytimer.o(i.MyTimer_PWM_Cycle) refers to dmul.o(.text) for __aeabi_dmul
    mytimer.o(i.MyTimer_PWM_Cycle) refers to dfixi.o(.text) for __aeabi_d2iz
    mytimer.o(i.TIM1_IRQHandler) refers to mytimer.o(.data) for IT_function_TIM1
    mytimer.o(i.TIM2_IRQHandler) refers to mytimer.o(.data) for IT_function_TIM2
    mytimer.o(i.TIM3_IRQHandler) refers to mytimer.o(.data) for IT_function_TIM3
    mytimer.o(i.TIM4_IRQHandler) refers to mytimer.o(.data) for IT_function_TIM4
    myuart.o(i.MyUART_ActiveIT) refers to myuart.o(i.__NVIC_EnableIRQ) for __NVIC_EnableIRQ
    myuart.o(i.MyUART_ActiveIT) refers to myuart.o(i.__NVIC_SetPriority) for __NVIC_SetPriority
    myuart.o(i.MyUART_ActiveIT) refers to myuart.o(.data) for ptrUART1
    myuart.o(i.MyUART_Init) refers to mygpio.o(i.MyGPIO_Init) for MyGPIO_Init
    myuart.o(i.USART1_IRQHandler) refers to myuart.o(.data) for ptrUART1
    myuart.o(i.USART3_IRQHandler) refers to myuart.o(.data) for ptrUART3
    gestion_girouette.o(i.Girouette_recup_angle) refers to dfltui.o(.text) for __aeabi_ui2d
    gestion_girouette.o(i.Girouette_recup_angle) refers to ddiv.o(.text) for __aeabi_ddiv
    gestion_girouette.o(i.Girouette_recup_angle) refers to d2f.o(.text) for __aeabi_d2f
    gestion_girouette.o(i.Girouette_recup_angle) refers to cfcmple.o(.text) for __aeabi_cfcmple
    gestion_girouette.o(i.Girouette_recup_angle) refers to cfrcmple.o(.text) for __aeabi_cfrcmple
    gestion_girouette.o(i.Girouette_recup_angle) refers to f2d.o(.text) for __aeabi_f2d
    gestion_girouette.o(i.Girouette_recup_angle) refers to cdcmple.o(.text) for __aeabi_cdcmple
    gestion_girouette.o(i.Girouette_recup_angle) refers to dadd.o(.text) for __aeabi_dsub
    gestion_girouette.o(i.Girouette_recup_angle) refers to dmul.o(.text) for __aeabi_dmul
    gestion_girouette.o(i.Girouette_recup_angle) refers to fadd.o(.text) for __aeabi_fsub
    gestion_girouette.o(i.Girouette_recup_angle) refers to mytimer.o(i.MyTimer_PWM_Cycle) for MyTimer_PWM_Cycle
    gestion_girouette.o(i.Girouette_recup_angle) refers to gestion_girouette.o(.data) for alpha
    gestion_girouette.o(i.init_girouette) refers to mytimer.o(i.MyTimer_Base_Init) for MyTimer_Base_Init
    gestion_girouette.o(i.init_girouette) refers to mytimer.o(i.MyTimer_timer_encodeur_init) for MyTimer_timer_encodeur_init
    gestion_girouette.o(i.init_girouette) refers to mygpio.o(i.MyGPIO_Init) for MyGPIO_Init
    gestion_girouette.o(i.init_girouette) refers to mytimer.o(i.MyTimer_PWM) for MyTimer_PWM
    gestion_girouette.o(i.init_girouette) refers to mytimer.o(i.MyTimer_PWM_Cycle) for MyTimer_PWM_Cycle
    gestion_girouette.o(i.init_girouette) refers to mytimer.o(i.MyTimer_Active_IT) for MyTimer_Active_IT
    gestion_girouette.o(i.init_girouette) refers to gestion_girouette.o(i.Girouette_recup_angle) for Girouette_recup_angle
    gestion_plateau.o(i.Gestion_Plateau_Init) refers to mytimer.o(i.MyTimer_Base_Init) for MyTimer_Base_Init
    gestion_plateau.o(i.Gestion_Plateau_Init) refers to mygpio.o(i.MyGPIO_Init) for MyGPIO_Init
    gestion_plateau.o(i.Gestion_Plateau_Init) refers to myuart.o(i.MyUART_Init) for MyUART_Init
    gestion_plateau.o(i.Gestion_Plateau_Init) refers to myuart.o(i.MyUART_ActiveIT) for MyUART_ActiveIT
    gestion_plateau.o(i.Gestion_Plateau_Init) refers to mytimer.o(i.MyTimer_PWM) for MyTimer_PWM
    startup_stm32f10x_md.o(RESET) refers to startup_stm32f10x_md.o(STACK) for __initial_sp
    startup_stm32f10x_md.o(RESET) refers to startup_stm32f10x_md.o(.text) for Reset_Handler
    startup_stm32f10x_md.o(RESET) refers to mytimer.o(i.TIM2_IRQHandler) for TIM2_IRQHandler
    startup_stm32f10x_md.o(RESET) refers to mytimer.o(i.TIM3_IRQHandler) for TIM3_IRQHandler
    startup_stm32f10x_md.o(RESET) refers to mytimer.o(i.TIM4_IRQHandler) for TIM4_IRQHandler
    startup_stm32f10x_md.o(RESET) refers to myuart.o(i.USART1_IRQHandler) for USART1_IRQHandler
    startup_stm32f10x_md.o(RESET) refers to myuart.o(i.USART3_IRQHandler) for USART3_IRQHandler
    startup_stm32f10x_md.o(.text) refers to system_stm32f10x.o(i.SystemInit) for SystemInit
    startup_stm32f10x_md.o(.text) refers to entry.o(.ARM.Collect$$$$00000000) for __main
    system_stm32f10x.o(i.SetSysClock) refers to system_stm32f10x.o(i.SetSysClockTo72) for SetSysClockTo72
    system_stm32f10x.o(i.SystemCoreClockUpdate) refers to system_stm32f10x.o(.data) for SystemCoreClock
    system_stm32f10x.o(i.SystemInit) refers to system_stm32f10x.o(i.SetSysClock) for SetSysClock
    entry.o(.ARM.Collect$$$$00000000) refers (Special) to entry10a.o(.ARM.Collect$$$$0000000F) for __rt_final_cpp
    entry.o(.ARM.Collect$$$$00000000) refers (Special) to entry11a.o(.ARM.Collect$$$$00000011) for __rt_final_exit
    entry.o(.ARM.Collect$$$$00000000) refers (Special) to entry12b.o(.ARM.Collect$$$$0000000E) for __rt_lib_shutdown_fini
    entry.o(.ARM.Collect$$$$00000000) refers (Special) to entry7b.o(.ARM.Collect$$$$00000008) for _main_clock
    entry.o(.ARM.Collect$$$$00000000) refers (Special) to entry8b.o(.ARM.Collect$$$$0000000A) for _main_cpp_init
    entry.o(.ARM.Collect$$$$00000000) refers (Special) to entry9a.o(.ARM.Collect$$$$0000000B) for _main_init
    entry.o(.ARM.Collect$$$$00000000) refers (Special) to entry5.o(.ARM.Collect$$$$00000004) for _main_scatterload
    entry.o(.ARM.Collect$$$$00000000) refers (Special) to entry2.o(.ARM.Collect$$$$00000001) for _main_stk
    fadd.o(.text) refers (Special) to iusefp.o(.text) for __I$use$fp
    fadd.o(.text) refers to fepilogue.o(.text) for _float_epilogue
    dadd.o(.text) refers (Special) to iusefp.o(.text) for __I$use$fp
    dadd.o(.text) refers to llshl.o(.text) for __aeabi_llsl
    dadd.o(.text) refers to llsshr.o(.text) for __aeabi_lasr
    dadd.o(.text) refers to depilogue.o(.text) for _double_epilogue
    dmul.o(.text) refers (Special) to iusefp.o(.text) for __I$use$fp
    dmul.o(.text) refers to depilogue.o(.text) for _double_epilogue
    ddiv.o(.text) refers (Special) to iusefp.o(.text) for __I$use$fp
    ddiv.o(.text) refers to depilogue.o(.text) for _double_round
    fflti.o(.text) refers (Special) to iusefp.o(.text) for __I$use$fp
    fflti.o(.text) refers to fepilogue.o(.text) for _float_epilogue
    ffltui.o(.text) refers (Special) to iusefp.o(.text) for __I$use$fp
    ffltui.o(.text) refers to fepilogue.o(.text) for _float_epilogue
    dfltui.o(.text) refers (Special) to iusefp.o(.text) for __I$use$fp
    dfltui.o(.text) refers to depilogue.o(.text) for _double_epilogue
    dfixi.o(.text) refers (Special) to iusefp.o(.text) for __I$use$fp
    dfixi.o(.text) refers to llushr.o(.text) for __aeabi_llsr
    f2d.o(.text) refers (Special) to iusefp.o(.text) for __I$use$fp
    cdcmple.o(.text) refers (Special) to iusefp.o(.text) for __I$use$fp
    d2f.o(.text) refers (Special) to iusefp.o(.text) for __I$use$fp
    d2f.o(.text) refers to fepilogue.o(.text) for _float_round
    cfcmple.o(.text) refers (Special) to iusefp.o(.text) for __I$use$fp
    cfrcmple.o(.text) refers (Special) to iusefp.o(.text) for __I$use$fp
    entry2.o(.ARM.Collect$$$$00000001) refers to entry2.o(.ARM.Collect$$$$00002712) for __lit__00000000
    entry2.o(.ARM.Collect$$$$00002712) refers to startup_stm32f10x_md.o(STACK) for __initial_sp
    entry2.o(__vectab_stack_and_reset_area) refers to startup_stm32f10x_md.o(STACK) for __initial_sp
    entry2.o(__vectab_stack_and_reset_area) refers to entry.o(.ARM.Collect$$$$00000000) for __main
    entry5.o(.ARM.Collect$$$$00000004) refers to init.o(.text) for __scatterload
    entry9a.o(.ARM.Collect$$$$0000000B) refers to voilier_main.o(i.main) for main
    entry9b.o(.ARM.Collect$$$$0000000C) refers to voilier_main.o(i.main) for main
    depilogue.o(.text) refers to llshl.o(.text) for __aeabi_llsl
    depilogue.o(.text) refers to llushr.o(.text) for __aeabi_llsr
    init.o(.text) refers to entry5.o(.ARM.Collect$$$$00000004) for __main_after_scatterload


==============================================================================

Removing Unused input sections from the image.

    Removing voilier_main.o(.rev16_text), (4 bytes).
    Removing voilier_main.o(.revsh_text), (4 bytes).
    Removing voilier_main.o(.rrx_text), (6 bytes).
    Removing mygpio.o(.rev16_text), (4 bytes).
    Removing mygpio.o(.revsh_text), (4 bytes).
    Removing mygpio.o(.rrx_text), (6 bytes).
    Removing mygpio.o(i.MyGPIO_Read), (12 bytes).
    Removing mygpio.o(i.MyGPIO_Toggle), (36 bytes).
    Removing mytimer.o(.rev16_text), (4 bytes).
    Removing mytimer.o(.revsh_text), (4 bytes).
    Removing mytimer.o(.rrx_text), (6 bytes).
    Removing mytimer.o(i.TIM1_IRQHandler), (36 bytes).
    Removing myuart.o(.rev16_text), (4 bytes).
    Removing myuart.o(.revsh_text), (4 bytes).
    Removing myuart.o(.rrx_text), (6 bytes).
    Removing myuart.o(i.MyUART_Send), (28 bytes).
    Removing gestion_girouette.o(.rev16_text), (4 bytes).
    Removing gestion_girouette.o(.revsh_text), (4 bytes).
    Removing gestion_girouette.o(.rrx_text), (6 bytes).
    Removing gestion_plateau.o(.rev16_text), (4 bytes).
    Removing gestion_plateau.o(.revsh_text), (4 bytes).
    Removing gestion_plateau.o(.rrx_text), (6 bytes).
    Removing startup_stm32f10x_md.o(HEAP), (512 bytes).
    Removing system_stm32f10x.o(.rev16_text), (4 bytes).
    Removing system_stm32f10x.o(.revsh_text), (4 bytes).
    Removing system_stm32f10x.o(.rrx_text), (6 bytes).
    Removing system_stm32f10x.o(i.SystemCoreClockUpdate), (164 bytes).
    Removing system_stm32f10x.o(.data), (20 bytes).

28 unused section(s) (total 906 bytes) removed from the image.

==============================================================================

Image Symbol Table

    Local Symbols

    Symbol Name                              Value     Ov Type        Size  Object(Section)

    ../clib/microlib/init/entry.s            0x00000000   Number         0  entry11b.o ABSOLUTE
    ../clib/microlib/init/entry.s            0x00000000   Number         0  entry2.o ABSOLUTE
    ../clib/microlib/init/entry.s            0x00000000   Number         0  entry7b.o ABSOLUTE
    ../clib/microlib/init/entry.s            0x00000000   Number         0  entry8b.o ABSOLUTE
    ../clib/microlib/init/entry.s            0x00000000   Number         0  entry11a.o ABSOLUTE
    ../clib/microlib/init/entry.s            0x00000000   Number         0  entry10b.o ABSOLUTE
    ../clib/microlib/init/entry.s            0x00000000   Number         0  entry8a.o ABSOLUTE
    ../clib/microlib/init/entry.s            0x00000000   Number         0  entry10a.o ABSOLUTE
    ../clib/microlib/init/entry.s            0x00000000   Number         0  entry7a.o ABSOLUTE
    ../clib/microlib/init/entry.s            0x00000000   Number         0  entry9b.o ABSOLUTE
    ../clib/microlib/init/entry.s            0x00000000   Number         0  entry5.o ABSOLUTE
    ../clib/microlib/init/entry.s            0x00000000   Number         0  entry9a.o ABSOLUTE
    ../clib/microlib/init/entry.s            0x00000000   Number         0  entry.o ABSOLUTE
    ../clib/microlib/init/entry.s            0x00000000   Number         0  entry12b.o ABSOLUTE
    ../clib/microlib/init/entry.s            0x00000000   Number         0  entry12a.o ABSOLUTE
    ../clib/microlib/longlong.c              0x00000000   Number         0  llsshr.o ABSOLUTE
    ../clib/microlib/longlong.c              0x00000000   Number         0  llshl.o ABSOLUTE
    ../clib/microlib/longlong.c              0x00000000   Number         0  llushr.o ABSOLUTE
    ../clib/microlib/stubs.s                 0x00000000   Number         0  iusefp.o ABSOLUTE
    ../fplib/microlib/d2f.c                  0x00000000   Number         0  d2f.o ABSOLUTE
    ../fplib/microlib/f2d.c                  0x00000000   Number         0  f2d.o ABSOLUTE
    ../fplib/microlib/fpadd.c                0x00000000   Number         0  fadd.o ABSOLUTE
    ../fplib/microlib/fpadd.c                0x00000000   Number         0  dadd.o ABSOLUTE
    ../fplib/microlib/fpdiv.c                0x00000000   Number         0  ddiv.o ABSOLUTE
    ../fplib/microlib/fpepilogue.c           0x00000000   Number         0  depilogue.o ABSOLUTE
    ../fplib/microlib/fpepilogue.c           0x00000000   Number         0  fepilogue.o ABSOLUTE
    ../fplib/microlib/fpfix.c                0x00000000   Number         0  dfixi.o ABSOLUTE
    ../fplib/microlib/fpflt.c                0x00000000   Number         0  ffltui.o ABSOLUTE
    ../fplib/microlib/fpflt.c                0x00000000   Number         0  dfltui.o ABSOLUTE
    ../fplib/microlib/fpflt.c                0x00000000   Number         0  fflti.o ABSOLUTE
    ../fplib/microlib/fpmul.c                0x00000000   Number         0  dmul.o ABSOLUTE
    ..\..\_DRIVERS\Source\MyGPIO.c           0x00000000   Number         0  mygpio.o ABSOLUTE
    ..\..\_DRIVERS\Source\MyTimer.c          0x00000000   Number         0  mytimer.o ABSOLUTE
    ..\..\_DRIVERS\Source\MyUART.c           0x00000000   Number         0  myuart.o ABSOLUTE
    ..\..\_SERVICES\Source\Gestion_Girouette.c 0x00000000   Number         0  gestion_girouette.o ABSOLUTE
    ..\..\_SERVICES\Source\Gestion_Plateau.c 0x00000000   Number         0  gestion_plateau.o ABSOLUTE
    ..\\..\\_DRIVERS\\Source\\MyGPIO.c       0x00000000   Number         0  mygpio.o ABSOLUTE
    ..\\..\\_DRIVERS\\Source\\MyTimer.c      0x00000000   Number         0  mytimer.o ABSOLUTE
    ..\\..\\_DRIVERS\\Source\\MyUART.c       0x00000000   Number         0  myuart.o ABSOLUTE
    ..\\..\\_SERVICES\\Source\\Gestion_Girouette.c 0x00000000   Number         0  gestion_girouette.o ABSOLUTE
    ..\\..\\_SERVICES\\Source\\Gestion_Plateau.c 0x00000000   Number         0  gestion_plateau.o ABSOLUTE
    RTE\Device\STM32F103RB\startup_stm32f10x_md.s 0x00000000   Number         0  startup_stm32f10x_md.o ABSOLUTE
    RTE\Device\STM32F103RB\system_stm32f10x.c 0x00000000   Number         0  system_stm32f10x.o ABSOLUTE
    RTE\\Device\\STM32F103RB\\system_stm32f10x.c 0x00000000   Number         0  system_stm32f10x.o ABSOLUTE
    Source\Voilier_main.c                    0x00000000   Number         0  voilier_main.o ABSOLUTE
    Source\\Voilier_main.c                   0x00000000   Number         0  voilier_main.o ABSOLUTE
    cdcmple.s                                0x00000000   Number         0  cdcmple.o ABSOLUTE
    cfcmple.s                                0x00000000   Number         0  cfcmple.o ABSOLUTE
    cfrcmple.s                               0x00000000   Number         0  cfrcmple.o ABSOLUTE
    dc.s                                     0x00000000   Number         0  dc.o ABSOLUTE
    handlers.s                               0x00000000   Number         0  handlers.o ABSOLUTE
    init.s                                   0x00000000   Number         0  init.o ABSOLUTE
    RESET                                    0x08000000   Section      236  startup_stm32f10x_md.o(RESET)
    .ARM.Collect$$$$00000000                 0x080000ec   Section        0  entry.o(.ARM.Collect$$$$00000000)
    .ARM.Collect$$$$00000001                 0x080000ec   Section        4  entry2.o(.ARM.Collect$$$$00000001)
    .ARM.Collect$$$$00000004                 0x080000f0   Section        4  entry5.o(.ARM.Collect$$$$00000004)
    .ARM.Collect$$$$00000008                 0x080000f4   Section        0  entry7b.o(.ARM.Collect$$$$00000008)
    .ARM.Collect$$$$0000000A                 0x080000f4   Section        0  entry8b.o(.ARM.Collect$$$$0000000A)
    .ARM.Collect$$$$0000000B                 0x080000f4   Section        8  entry9a.o(.ARM.Collect$$$$0000000B)
    .ARM.Collect$$$$0000000E                 0x080000fc   Section        4  entry12b.o(.ARM.Collect$$$$0000000E)
    .ARM.Collect$$$$0000000F                 0x08000100   Section        0  entry10a.o(.ARM.Collect$$$$0000000F)
    .ARM.Collect$$$$00000011                 0x08000100   Section        0  entry11a.o(.ARM.Collect$$$$00000011)
    .ARM.Collect$$$$00002712                 0x08000100   Section        4  entry2.o(.ARM.Collect$$$$00002712)
    __lit__00000000                          0x08000100   Data           4  entry2.o(.ARM.Collect$$$$00002712)
    .text                                    0x08000104   Section       36  startup_stm32f10x_md.o(.text)
    .text                                    0x08000128   Section        0  fadd.o(.text)
    .text                                    0x080001d8   Section        0  dadd.o(.text)
    .text                                    0x08000326   Section        0  dmul.o(.text)
    .text                                    0x0800040a   Section        0  ddiv.o(.text)
    .text                                    0x080004e8   Section        0  fflti.o(.text)
    .text                                    0x080004fa   Section        0  ffltui.o(.text)
    .text                                    0x08000504   Section        0  dfltui.o(.text)
    .text                                    0x0800051e   Section        0  dfixi.o(.text)
    .text                                    0x0800055c   Section        0  f2d.o(.text)
    .text                                    0x08000584   Section       48  cdcmple.o(.text)
    .text                                    0x080005b4   Section        0  d2f.o(.text)
    .text                                    0x080005ec   Section       20  cfcmple.o(.text)
    .text                                    0x08000600   Section       20  cfrcmple.o(.text)
    .text                                    0x08000614   Section        0  llshl.o(.text)
    .text                                    0x08000632   Section        0  llushr.o(.text)
    .text                                    0x08000652   Section        0  llsshr.o(.text)
    .text                                    0x08000676   Section        0  iusefp.o(.text)
    .text                                    0x08000676   Section        0  fepilogue.o(.text)
    .text                                    0x080006e4   Section        0  depilogue.o(.text)
    .text                                    0x080007a0   Section       36  init.o(.text)
    i.Gestion_Plateau_Init                   0x080007c4   Section        0  gestion_plateau.o(i.Gestion_Plateau_Init)
    i.Girouette_recup_angle                  0x08000838   Section        0  gestion_girouette.o(i.Girouette_recup_angle)
    i.MyGPIO_Init                            0x08000960   Section        0  mygpio.o(i.MyGPIO_Init)
    i.MyGPIO_Reset                           0x08000a06   Section        0  mygpio.o(i.MyGPIO_Reset)
    i.MyGPIO_Set                             0x08000a12   Section        0  mygpio.o(i.MyGPIO_Set)
    i.MyTimer_Active_IT                      0x08000a1c   Section        0  mytimer.o(i.MyTimer_Active_IT)
    i.MyTimer_Base_Init                      0x08000ab0   Section        0  mytimer.o(i.MyTimer_Base_Init)
    i.MyTimer_PWM                            0x08000b24   Section        0  mytimer.o(i.MyTimer_PWM)
    i.MyTimer_PWM_Cycle                      0x08000be4   Section        0  mytimer.o(i.MyTimer_PWM_Cycle)
    i.MyTimer_timer_encodeur_init            0x08000cf4   Section        0  mytimer.o(i.MyTimer_timer_encodeur_init)
    i.MyUART_ActiveIT                        0x08000d38   Section        0  myuart.o(i.MyUART_ActiveIT)
    i.MyUART_Init                            0x08000d8c   Section        0  myuart.o(i.MyUART_Init)
    i.MyUART_Receive                         0x08000e38   Section        0  myuart.o(i.MyUART_Receive)
    i.SetSysClock                            0x08000e40   Section        0  system_stm32f10x.o(i.SetSysClock)
    SetSysClock                              0x08000e41   Thumb Code     8  system_stm32f10x.o(i.SetSysClock)
    i.SetSysClockTo72                        0x08000e48   Section        0  system_stm32f10x.o(i.SetSysClockTo72)
    SetSysClockTo72                          0x08000e49   Thumb Code   214  system_stm32f10x.o(i.SetSysClockTo72)
    i.SystemInit                             0x08000f28   Section        0  system_stm32f10x.o(i.SystemInit)
    i.TIM2_IRQHandler                        0x08000f88   Section        0  mytimer.o(i.TIM2_IRQHandler)
    i.TIM3_IRQHandler                        0x08000fa8   Section        0  mytimer.o(i.TIM3_IRQHandler)
    i.TIM4_IRQHandler                        0x08000fc8   Section        0  mytimer.o(i.TIM4_IRQHandler)
    i.USART1_IRQHandler                      0x08000fe8   Section        0  myuart.o(i.USART1_IRQHandler)
    i.USART3_IRQHandler                      0x08000ffc   Section        0  myuart.o(i.USART3_IRQHandler)
    i.Update_Vitesse                         0x08001010   Section        0  voilier_main.o(i.Update_Vitesse)
    i.__NVIC_EnableIRQ                       0x08001084   Section        0  mytimer.o(i.__NVIC_EnableIRQ)
    __NVIC_EnableIRQ                         0x08001085   Thumb Code    34  mytimer.o(i.__NVIC_EnableIRQ)
    i.__NVIC_EnableIRQ                       0x080010a6   Section        0  myuart.o(i.__NVIC_EnableIRQ)
    __NVIC_EnableIRQ                         0x080010a7   Thumb Code    34  myuart.o(i.__NVIC_EnableIRQ)
    i.__NVIC_SetPriority                     0x080010c8   Section        0  mytimer.o(i.__NVIC_SetPriority)
    __NVIC_SetPriority                       0x080010c9   Thumb Code    32  mytimer.o(i.__NVIC_SetPriority)
    i.__NVIC_SetPriority                     0x080010f0   Section        0  myuart.o(i.__NVIC_SetPriority)
    __NVIC_SetPriority                       0x080010f1   Thumb Code    32  myuart.o(i.__NVIC_SetPriority)
    i.__scatterload_copy                     0x08001118   Section       14  handlers.o(i.__scatterload_copy)
    i.__scatterload_null                     0x08001126   Section        2  handlers.o(i.__scatterload_null)
    i.__scatterload_zeroinit                 0x08001128   Section       14  handlers.o(i.__scatterload_zeroinit)
    i.init_girouette                         0x08001138   Section        0  gestion_girouette.o(i.init_girouette)
    i.main                                   0x080011e8   Section        0  voilier_main.o(i.main)
    .data                                    0x20000000   Section       84  voilier_main.o(.data)
    .data                                    0x20000054   Section       16  mytimer.o(.data)
    .data                                    0x20000064   Section        8  myuart.o(.data)
    .data                                    0x2000006c   Section       12  gestion_girouette.o(.data)
    STACK                                    0x20000078   Section     1024  startup_stm32f10x_md.o(STACK)

    Global Symbols

    Symbol Name                              Value     Ov Type        Size  Object(Section)

    BuildAttributes$$THM_ISAv4$P$D$K$B$S$PE$A:L22UL41UL21$X:L11$S22US41US21$IEEE1$IW$USESV6$~STKCKD$USESV7$~SHL$OTIME$ROPI$EBA8$MICROLIB$REQ8$PRES8$EABIv2 0x00000000   Number         0  anon$$obj.o ABSOLUTE
    __ARM_use_no_argv                        0x00000000   Number         0  voilier_main.o ABSOLUTE
    __arm_fini_                               - Undefined Weak Reference
    __cpp_initialize__aeabi_                  - Undefined Weak Reference
    __cxa_finalize                            - Undefined Weak Reference
    __decompress                              - Undefined Weak Reference
    _clock_init                               - Undefined Weak Reference
    _microlib_exit                            - Undefined Weak Reference
    __Vectors_Size                           0x000000ec   Number         0  startup_stm32f10x_md.o ABSOLUTE
    __Vectors                                0x08000000   Data           4  startup_stm32f10x_md.o(RESET)
    __Vectors_End                            0x080000ec   Data           0  startup_stm32f10x_md.o(RESET)
    __main                                   0x080000ed   Thumb Code     0  entry.o(.ARM.Collect$$$$00000000)
    _main_stk                                0x080000ed   Thumb Code     0  entry2.o(.ARM.Collect$$$$00000001)
    _main_scatterload                        0x080000f1   Thumb Code     0  entry5.o(.ARM.Collect$$$$00000004)
    __main_after_scatterload                 0x080000f5   Thumb Code     0  entry5.o(.ARM.Collect$$$$00000004)
    _main_clock                              0x080000f5   Thumb Code     0  entry7b.o(.ARM.Collect$$$$00000008)
    _main_cpp_init                           0x080000f5   Thumb Code     0  entry8b.o(.ARM.Collect$$$$0000000A)
    _main_init                               0x080000f5   Thumb Code     0  entry9a.o(.ARM.Collect$$$$0000000B)
    __rt_lib_shutdown_fini                   0x080000fd   Thumb Code     0  entry12b.o(.ARM.Collect$$$$0000000E)
    __rt_final_cpp                           0x08000101   Thumb Code     0  entry10a.o(.ARM.Collect$$$$0000000F)
    __rt_final_exit                          0x08000101   Thumb Code     0  entry11a.o(.ARM.Collect$$$$00000011)
    Reset_Handler                            0x08000105   Thumb Code     8  startup_stm32f10x_md.o(.text)
    NMI_Handler                              0x0800010d   Thumb Code     2  startup_stm32f10x_md.o(.text)
    HardFault_Handler                        0x0800010f   Thumb Code     2  startup_stm32f10x_md.o(.text)
    MemManage_Handler                        0x08000111   Thumb Code     2  startup_stm32f10x_md.o(.text)
    BusFault_Handler                         0x08000113   Thumb Code     2  startup_stm32f10x_md.o(.text)
    UsageFault_Handler                       0x08000115   Thumb Code     2  startup_stm32f10x_md.o(.text)
    SVC_Handler                              0x08000117   Thumb Code     2  startup_stm32f10x_md.o(.text)
    DebugMon_Handler                         0x08000119   Thumb Code     2  startup_stm32f10x_md.o(.text)
    PendSV_Handler                           0x0800011b   Thumb Code     2  startup_stm32f10x_md.o(.text)
    SysTick_Handler                          0x0800011d   Thumb Code     2  startup_stm32f10x_md.o(.text)
    ADC1_2_IRQHandler                        0x0800011f   Thumb Code     0  startup_stm32f10x_md.o(.text)
    CAN1_RX1_IRQHandler                      0x0800011f   Thumb Code     0  startup_stm32f10x_md.o(.text)
    CAN1_SCE_IRQHandler                      0x0800011f   Thumb Code     0  startup_stm32f10x_md.o(.text)
    DMA1_Channel1_IRQHandler                 0x0800011f   Thumb Code     0  startup_stm32f10x_md.o(.text)
    DMA1_Channel2_IRQHandler                 0x0800011f   Thumb Code     0  startup_stm32f10x_md.o(.text)
    DMA1_Channel3_IRQHandler                 0x0800011f   Thumb Code     0  startup_stm32f10x_md.o(.text)
    DMA1_Channel4_IRQHandler                 0x0800011f   Thumb Code     0  startup_stm32f10x_md.o(.text)
    DMA1_Channel5_IRQHandler                 0x0800011f   Thumb Code     0  startup_stm32f10x_md.o(.text)
    DMA1_Channel6_IRQHandler                 0x0800011f   Thumb Code     0  startup_stm32f10x_md.o(.text)
    DMA1_Channel7_IRQHandler                 0x0800011f   Thumb Code     0  startup_stm32f10x_md.o(.text)
    EXTI0_IRQHandler                         0x0800011f   Thumb Code     0  startup_stm32f10x_md.o(.text)
    EXTI15_10_IRQHandler                     0x0800011f   Thumb Code     0  startup_stm32f10x_md.o(.text)
    EXTI1_IRQHandler                         0x0800011f   Thumb Code     0  startup_stm32f10x_md.o(.text)
    EXTI2_IRQHandler                         0x0800011f   Thumb Code     0  startup_stm32f10x_md.o(.text)
    EXTI3_IRQHandler                         0x0800011f   Thumb Code     0  startup_stm32f10x_md.o(.text)
    EXTI4_IRQHandler                         0x0800011f   Thumb Code     0  startup_stm32f10x_md.o(.text)
    EXTI9_5_IRQHandler                       0x0800011f   Thumb Code     0  startup_stm32f10x_md.o(.text)
    FLASH_IRQHandler                         0x0800011f   Thumb Code     0  startup_stm32f10x_md.o(.text)
    I2C1_ER_IRQHandler                       0x0800011f   Thumb Code     0  startup_stm32f10x_md.o(.text)
    I2C1_EV_IRQHandler                       0x0800011f   Thumb Code     0  startup_stm32f10x_md.o(.text)
    I2C2_ER_IRQHandler                       0x0800011f   Thumb Code     0  startup_stm32f10x_md.o(.text)
    I2C2_EV_IRQHandler                       0x0800011f   Thumb Code     0  startup_stm32f10x_md.o(.text)
    PVD_IRQHandler                           0x0800011f   Thumb Code     0  startup_stm32f10x_md.o(.text)
    RCC_IRQHandler                           0x0800011f   Thumb Code     0  startup_stm32f10x_md.o(.text)
    RTCAlarm_IRQHandler                      0x0800011f   Thumb Code     0  startup_stm32f10x_md.o(.text)
    RTC_IRQHandler                           0x0800011f   Thumb Code     0  startup_stm32f10x_md.o(.text)
    SPI1_IRQHandler                          0x0800011f   Thumb Code     0  startup_stm32f10x_md.o(.text)
    SPI2_IRQHandler                          0x0800011f   Thumb Code     0  startup_stm32f10x_md.o(.text)
    TAMPER_IRQHandler                        0x0800011f   Thumb Code     0  startup_stm32f10x_md.o(.text)
    TIM1_BRK_IRQHandler                      0x0800011f   Thumb Code     0  startup_stm32f10x_md.o(.text)
    TIM1_CC_IRQHandler                       0x0800011f   Thumb Code     0  startup_stm32f10x_md.o(.text)
    TIM1_TRG_COM_IRQHandler                  0x0800011f   Thumb Code     0  startup_stm32f10x_md.o(.text)
    TIM1_UP_IRQHandler                       0x0800011f   Thumb Code     0  startup_stm32f10x_md.o(.text)
    USART2_IRQHandler                        0x0800011f   Thumb Code     0  startup_stm32f10x_md.o(.text)
    USBWakeUp_IRQHandler                     0x0800011f   Thumb Code     0  startup_stm32f10x_md.o(.text)
    USB_HP_CAN1_TX_IRQHandler                0x0800011f   Thumb Code     0  startup_stm32f10x_md.o(.text)
    USB_LP_CAN1_RX0_IRQHandler               0x0800011f   Thumb Code     0  startup_stm32f10x_md.o(.text)
    WWDG_IRQHandler                          0x0800011f   Thumb Code     0  startup_stm32f10x_md.o(.text)
    __aeabi_fadd                             0x08000129   Thumb Code   164  fadd.o(.text)
    __aeabi_fsub                             0x080001cd   Thumb Code     6  fadd.o(.text)
    __aeabi_frsub                            0x080001d3   Thumb Code     6  fadd.o(.text)
    __aeabi_dadd                             0x080001d9   Thumb Code   322  dadd.o(.text)
    __aeabi_dsub                             0x0800031b   Thumb Code     6  dadd.o(.text)
    __aeabi_drsub                            0x08000321   Thumb Code     6  dadd.o(.text)
    __aeabi_dmul                             0x08000327   Thumb Code   228  dmul.o(.text)
    __aeabi_ddiv                             0x0800040b   Thumb Code   222  ddiv.o(.text)
    __aeabi_i2f                              0x080004e9   Thumb Code    18  fflti.o(.text)
    __aeabi_ui2f                             0x080004fb   Thumb Code    10  ffltui.o(.text)
    __aeabi_ui2d                             0x08000505   Thumb Code    26  dfltui.o(.text)
    __aeabi_d2iz                             0x0800051f   Thumb Code    62  dfixi.o(.text)
    __aeabi_f2d                              0x0800055d   Thumb Code    38  f2d.o(.text)
    __aeabi_cdcmpeq                          0x08000585   Thumb Code     0  cdcmple.o(.text)
    __aeabi_cdcmple                          0x08000585   Thumb Code    48  cdcmple.o(.text)
    __aeabi_d2f                              0x080005b5   Thumb Code    56  d2f.o(.text)
    __aeabi_cfcmpeq                          0x080005ed   Thumb Code     0  cfcmple.o(.text)
    __aeabi_cfcmple                          0x080005ed   Thumb Code    20  cfcmple.o(.text)
    __aeabi_cfrcmple                         0x08000601   Thumb Code    20  cfrcmple.o(.text)
    __aeabi_llsl                             0x08000615   Thumb Code    30  llshl.o(.text)
    _ll_shift_l                              0x08000615   Thumb Code     0  llshl.o(.text)
    __aeabi_llsr                             0x08000633   Thumb Code    32  llushr.o(.text)
    _ll_ushift_r                             0x08000633   Thumb Code     0  llushr.o(.text)
    __aeabi_lasr                             0x08000653   Thumb Code    36  llsshr.o(.text)
    _ll_sshift_r                             0x08000653   Thumb Code     0  llsshr.o(.text)
    __I$use$fp                               0x08000677   Thumb Code     0  iusefp.o(.text)
    _float_round                             0x08000677   Thumb Code    18  fepilogue.o(.text)
    _float_epilogue                          0x08000689   Thumb Code    92  fepilogue.o(.text)
    _double_round                            0x080006e5   Thumb Code    30  depilogue.o(.text)
    _double_epilogue                         0x08000703   Thumb Code   156  depilogue.o(.text)
    __scatterload                            0x080007a1   Thumb Code    28  init.o(.text)
    __scatterload_rt2                        0x080007a1   Thumb Code     0  init.o(.text)
    Gestion_Plateau_Init                     0x080007c5   Thumb Code   112  gestion_plateau.o(i.Gestion_Plateau_Init)
    Girouette_recup_angle                    0x08000839   Thumb Code   244  gestion_girouette.o(i.Girouette_recup_angle)
    MyGPIO_Init                              0x08000961   Thumb Code   166  mygpio.o(i.MyGPIO_Init)
    MyGPIO_Reset                             0x08000a07   Thumb Code    12  mygpio.o(i.MyGPIO_Reset)
    MyGPIO_Set                               0x08000a13   Thumb Code     8  mygpio.o(i.MyGPIO_Set)
    MyTimer_Active_IT                        0x08000a1d   Thumb Code   118  mytimer.o(i.MyTimer_Active_IT)
    MyTimer_Base_Init                        0x08000ab1   Thumb Code    98  mytimer.o(i.MyTimer_Base_Init)
    MyTimer_PWM                              0x08000b25   Thumb Code   188  mytimer.o(i.MyTimer_PWM)
    MyTimer_PWM_Cycle                        0x08000be5   Thumb Code   266  mytimer.o(i.MyTimer_PWM_Cycle)
    MyTimer_timer_encodeur_init              0x08000cf5   Thumb Code    66  mytimer.o(i.MyTimer_timer_encodeur_init)
    MyUART_ActiveIT                          0x08000d39   Thumb Code    68  myuart.o(i.MyUART_ActiveIT)
    MyUART_Init                              0x08000d8d   Thumb Code   142  myuart.o(i.MyUART_Init)
    MyUART_Receive                           0x08000e39   Thumb Code     8  myuart.o(i.MyUART_Receive)
    SystemInit                               0x08000f29   Thumb Code    78  system_stm32f10x.o(i.SystemInit)
    TIM2_IRQHandler                          0x08000f89   Thumb Code    26  mytimer.o(i.TIM2_IRQHandler)
    TIM3_IRQHandler                          0x08000fa9   Thumb Code    22  mytimer.o(i.TIM3_IRQHandler)
    TIM4_IRQHandler                          0x08000fc9   Thumb Code    22  mytimer.o(i.TIM4_IRQHandler)
    USART1_IRQHandler                        0x08000fe9   Thumb Code    16  myuart.o(i.USART1_IRQHandler)
    USART3_IRQHandler                        0x08000ffd   Thumb Code    16  myuart.o(i.USART3_IRQHandler)
    Update_Vitesse                           0x08001011   Thumb Code    96  voilier_main.o(i.Update_Vitesse)
    __scatterload_copy                       0x08001119   Thumb Code    14  handlers.o(i.__scatterload_copy)
    __scatterload_null                       0x08001127   Thumb Code     2  handlers.o(i.__scatterload_null)
    __scatterload_zeroinit                   0x08001129   Thumb Code    14  handlers.o(i.__scatterload_zeroinit)
    init_girouette                           0x08001139   Thumb Code   160  gestion_girouette.o(i.init_girouette)
    main                                     0x080011e9   Thumb Code    48  voilier_main.o(i.main)
    Region$$Table$$Base                      0x08001244   Number         0  anon$$obj.o(Region$$Table)
    Region$$Table$$Limit                     0x08001264   Number         0  anon$$obj.o(Region$$Table)
    Timer_Enc                                0x20000000   Data           8  voilier_main.o(.data)
    Timer_moteur                             0x20000008   Data           8  voilier_main.o(.data)
    Timer_IT                                 0x20000010   Data           8  voilier_main.o(.data)
    GPIO_Girouette_A                         0x20000018   Data           8  voilier_main.o(.data)
    GPIO_Girouette_B                         0x20000020   Data           8  voilier_main.o(.data)
    GPIO_moteur                              0x20000028   Data           8  voilier_main.o(.data)
    GPIO_PWM                                 0x20000030   Data           8  voilier_main.o(.data)
    GPIO_SENS                                0x20000038   Data           8  voilier_main.o(.data)
    GPIO_RX                                  0x20000040   Data           8  voilier_main.o(.data)
    UART                                     0x20000048   Data           4  voilier_main.o(.data)
    valeur                                   0x2000004c   Data           1  voilier_main.o(.data)
    valeurf                                  0x20000050   Data           4  voilier_main.o(.data)
    IT_function_TIM1                         0x20000054   Data           4  mytimer.o(.data)
    IT_function_TIM2                         0x20000058   Data           4  mytimer.o(.data)
    IT_function_TIM3                         0x2000005c   Data           4  mytimer.o(.data)
    IT_function_TIM4                         0x20000060   Data           4  mytimer.o(.data)
    ptrUART1                                 0x20000064   Data           4  myuart.o(.data)
    ptrUART3                                 0x20000068   Data           4  myuart.o(.data)
    alpha                                    0x2000006c   Data           4  gestion_girouette.o(.data)
    result                                   0x20000070   Data           4  gestion_girouette.o(.data)
    percent                                  0x20000074   Data           4  gestion_girouette.o(.data)
    __initial_sp                             0x20000478   Data           0  startup_stm32f10x_md.o(STACK)



==============================================================================

Memory Map of the image

  Image Entry point : 0x08000105

  Load Region LR_1 (Base: 0x08000000, Size: 0x000012dc, Max: 0xffffffff, ABSOLUTE)

    Execution Region ER_RO (Exec base: 0x08000000, Load base: 0x08000000, Size: 0x00001264, Max: 0xffffffff, ABSOLUTE)

    Exec Addr    Load Addr    Size         Type   Attr      Idx    E Section Name        Object

    0x08000000   0x08000000   0x000000ec   Data   RO          341    RESET               startup_stm32f10x_md.o
    0x080000ec   0x080000ec   0x00000000   Code   RO          392  * .ARM.Collect$$$$00000000  mc_w.l(entry.o)
    0x080000ec   0x080000ec   0x00000004   Code   RO          421    .ARM.Collect$$$$00000001  mc_w.l(entry2.o)
    0x080000f0   0x080000f0   0x00000004   Code   RO          424    .ARM.Collect$$$$00000004  mc_w.l(entry5.o)
    0x080000f4   0x080000f4   0x00000000   Code   RO          426    .ARM.Collect$$$$00000008  mc_w.l(entry7b.o)
    0x080000f4   0x080000f4   0x00000000   Code   RO          428    .ARM.Collect$$$$0000000A  mc_w.l(entry8b.o)
    0x080000f4   0x080000f4   0x00000008   Code   RO          429    .ARM.Collect$$$$0000000B  mc_w.l(entry9a.o)
    0x080000fc   0x080000fc   0x00000004   Code   RO          436    .ARM.Collect$$$$0000000E  mc_w.l(entry12b.o)
    0x08000100   0x08000100   0x00000000   Code   RO          431    .ARM.Collect$$$$0000000F  mc_w.l(entry10a.o)
    0x08000100   0x08000100   0x00000000   Code   RO          433    .ARM.Collect$$$$00000011  mc_w.l(entry11a.o)
    0x08000100   0x08000100   0x00000004   Code   RO          422    .ARM.Collect$$$$00002712  mc_w.l(entry2.o)
    0x08000104   0x08000104   0x00000024   Code   RO          342  * .text               startup_stm32f10x_md.o
    0x08000128   0x08000128   0x000000b0   Code   RO          395    .text               mf_w.l(fadd.o)
    0x080001d8   0x080001d8   0x0000014e   Code   RO          397    .text               mf_w.l(dadd.o)
    0x08000326   0x08000326   0x000000e4   Code   RO          399    .text               mf_w.l(dmul.o)
    0x0800040a   0x0800040a   0x000000de   Code   RO          401    .text               mf_w.l(ddiv.o)
    0x080004e8   0x080004e8   0x00000012   Code   RO          403    .text               mf_w.l(fflti.o)
    0x080004fa   0x080004fa   0x0000000a   Code   RO          405    .text               mf_w.l(ffltui.o)
    0x08000504   0x08000504   0x0000001a   Code   RO          407    .text               mf_w.l(dfltui.o)
    0x0800051e   0x0800051e   0x0000003e   Code   RO          409    .text               mf_w.l(dfixi.o)
    0x0800055c   0x0800055c   0x00000026   Code   RO          411    .text               mf_w.l(f2d.o)
    0x08000582   0x08000582   0x00000002   PAD
    0x08000584   0x08000584   0x00000030   Code   RO          413    .text               mf_w.l(cdcmple.o)
    0x080005b4   0x080005b4   0x00000038   Code   RO          415    .text               mf_w.l(d2f.o)
    0x080005ec   0x080005ec   0x00000014   Code   RO          417    .text               mf_w.l(cfcmple.o)
    0x08000600   0x08000600   0x00000014   Code   RO          419    .text               mf_w.l(cfrcmple.o)
    0x08000614   0x08000614   0x0000001e   Code   RO          437    .text               mc_w.l(llshl.o)
    0x08000632   0x08000632   0x00000020   Code   RO          439    .text               mc_w.l(llushr.o)
    0x08000652   0x08000652   0x00000024   Code   RO          441    .text               mc_w.l(llsshr.o)
    0x08000676   0x08000676   0x00000000   Code   RO          443    .text               mc_w.l(iusefp.o)
    0x08000676   0x08000676   0x0000006e   Code   RO          444    .text               mf_w.l(fepilogue.o)
    0x080006e4   0x080006e4   0x000000ba   Code   RO          446    .text               mf_w.l(depilogue.o)
    0x0800079e   0x0800079e   0x00000002   PAD
    0x080007a0   0x080007a0   0x00000024   Code   RO          448    .text               mc_w.l(init.o)
    0x080007c4   0x080007c4   0x00000074   Code   RO          318    i.Gestion_Plateau_Init  gestion_plateau.o
    0x08000838   0x08000838   0x00000128   Code   RO          285    i.Girouette_recup_angle  gestion_girouette.o
    0x08000960   0x08000960   0x000000a6   Code   RO           81    i.MyGPIO_Init       mygpio.o
    0x08000a06   0x08000a06   0x0000000c   Code   RO           83    i.MyGPIO_Reset      mygpio.o
    0x08000a12   0x08000a12   0x00000008   Code   RO           84    i.MyGPIO_Set        mygpio.o
    0x08000a1a   0x08000a1a   0x00000002   PAD
    0x08000a1c   0x08000a1c   0x00000094   Code   RO          129    i.MyTimer_Active_IT  mytimer.o
    0x08000ab0   0x08000ab0   0x00000074   Code   RO          130    i.MyTimer_Base_Init  mytimer.o
    0x08000b24   0x08000b24   0x000000c0   Code   RO          131    i.MyTimer_PWM       mytimer.o
    0x08000be4   0x08000be4   0x00000110   Code   RO          132    i.MyTimer_PWM_Cycle  mytimer.o
    0x08000cf4   0x08000cf4   0x00000042   Code   RO          133    i.MyTimer_timer_encodeur_init  mytimer.o
    0x08000d36   0x08000d36   0x00000002   PAD
    0x08000d38   0x08000d38   0x00000054   Code   RO          218    i.MyUART_ActiveIT   myuart.o
    0x08000d8c   0x08000d8c   0x000000ac   Code   RO          219    i.MyUART_Init       myuart.o
    0x08000e38   0x08000e38   0x00000008   Code   RO          220    i.MyUART_Receive    myuart.o
    0x08000e40   0x08000e40   0x00000008   Code   RO          349    i.SetSysClock       system_stm32f10x.o
    0x08000e48   0x08000e48   0x000000e0   Code   RO          350    i.SetSysClockTo72   system_stm32f10x.o
    0x08000f28   0x08000f28   0x00000060   Code   RO          352    i.SystemInit        system_stm32f10x.o
    0x08000f88   0x08000f88   0x00000020   Code   RO          135    i.TIM2_IRQHandler   mytimer.o
    0x08000fa8   0x08000fa8   0x00000020   Code   RO          136    i.TIM3_IRQHandler   mytimer.o
    0x08000fc8   0x08000fc8   0x00000020   Code   RO          137    i.TIM4_IRQHandler   mytimer.o
    0x08000fe8   0x08000fe8   0x00000014   Code   RO          222    i.USART1_IRQHandler  myuart.o
    0x08000ffc   0x08000ffc   0x00000014   Code   RO          223    i.USART3_IRQHandler  myuart.o
    0x08001010   0x08001010   0x00000074   Code   RO            4    i.Update_Vitesse    voilier_main.o
    0x08001084   0x08001084   0x00000022   Code   RO          138    i.__NVIC_EnableIRQ  mytimer.o
    0x080010a6   0x080010a6   0x00000022   Code   RO          224    i.__NVIC_EnableIRQ  myuart.o
    0x080010c8   0x080010c8   0x00000028   Code   RO          139    i.__NVIC_SetPriority  mytimer.o
    0x080010f0   0x080010f0   0x00000028   Code   RO          225    i.__NVIC_SetPriority  myuart.o
    0x08001118   0x08001118   0x0000000e   Code   RO          452    i.__scatterload_copy  mc_w.l(handlers.o)
    0x08001126   0x08001126   0x00000002   Code   RO          453    i.__scatterload_null  mc_w.l(handlers.o)
    0x08001128   0x08001128   0x0000000e   Code   RO          454    i.__scatterload_zeroinit  mc_w.l(handlers.o)
    0x08001136   0x08001136   0x00000002   PAD
    0x08001138   0x08001138   0x000000b0   Code   RO          286    i.init_girouette    gestion_girouette.o
    0x080011e8   0x080011e8   0x0000005c   Code   RO            5    i.main              voilier_main.o
    0x08001244   0x08001244   0x00000020   Data   RO          450    Region$$Table       anon$$obj.o


    Execution Region ER_RW (Exec base: 0x20000000, Load base: 0x08001264, Size: 0x00000078, Max: 0xffffffff, ABSOLUTE)

    Exec Addr    Load Addr    Size         Type   Attr      Idx    E Section Name        Object

    0x20000000   0x08001264   0x00000054   Data   RW            6    .data               voilier_main.o
    0x20000054   0x080012b8   0x00000010   Data   RW          140    .data               mytimer.o
    0x20000064   0x080012c8   0x00000008   Data   RW          226    .data               myuart.o
    0x2000006c   0x080012d0   0x0000000c   Data   RW          287    .data               gestion_girouette.o


    Execution Region ER_ZI (Exec base: 0x20000078, Load base: 0x080012dc, Size: 0x00000400, Max: 0xffffffff, ABSOLUTE)

    Exec Addr    Load Addr    Size         Type   Attr      Idx    E Section Name        Object

    0x20000078        -       0x00000400   Zero   RW          339    STACK               startup_stm32f10x_md.o


==============================================================================

Image component sizes


      Code (inc. data)   RO Data    RW Data    ZI Data      Debug   Object Name

       472         68          0         12          0       2408   gestion_girouette.o
       116          4          0          0          0       1475   gestion_plateau.o
       186          0          0          0          0       2158   mygpio.o
       964         92          0         16          0       7252   mytimer.o
       378         62          0          8          0       5021   myuart.o
        36          8        236          0       1024        880   startup_stm32f10x_md.o
       328         28          0          0          0       2269   system_stm32f10x.o
       208         64          0         84          0     210035   voilier_main.o

    ----------------------------------------------------------------------
      2692        326        268        120       1024     231498   Object Totals
         0          0         32          0          0          0   (incl. Generated)
         4          0          0          0          0          0   (incl. Padding)

    ----------------------------------------------------------------------

      Code (inc. data)   RO Data    RW Data    ZI Data      Debug   Library Member Name

         0          0          0          0          0          0   entry.o
         0          0          0          0          0          0   entry10a.o
         0          0          0          0          0          0   entry11a.o
         4          0          0          0          0          0   entry12b.o
         8          4          0          0          0          0   entry2.o
         4          0          0          0          0          0   entry5.o
         0          0          0          0          0          0   entry7b.o
         0          0          0          0          0          0   entry8b.o
         8          4          0          0          0          0   entry9a.o
        30          0          0          0          0          0   handlers.o
        36          8          0          0          0         68   init.o
         0          0          0          0          0          0   iusefp.o
        30          0          0          0          0         68   llshl.o
        36          0          0          0          0         68   llsshr.o
        32          0          0          0          0         68   llushr.o
        48          0          0          0          0         68   cdcmple.o
        20          0          0          0          0         68   cfcmple.o
        20          0          0          0          0         68   cfrcmple.o
        56          0          0          0          0         88   d2f.o
       334          0          0          0          0        148   dadd.o
       222          0          0          0          0        100   ddiv.o
       186          0          0          0          0        176   depilogue.o
        62          0          0          0          0         80   dfixi.o
        26          0          0          0          0         76   dfltui.o
       228          0          0          0          0         96   dmul.o
        38          0          0          0          0         68   f2d.o
       176          0          0          0          0        140   fadd.o
       110          0          0          0          0        168   fepilogue.o
        18          0          0          0          0         68   fflti.o
        10          0          0          0          0         68   ffltui.o

    ----------------------------------------------------------------------
      1748         16          0          0          0       1752   Library Totals
         6          0          0          0          0          0   (incl. Padding)

    ----------------------------------------------------------------------

      Code (inc. data)   RO Data    RW Data    ZI Data      Debug   Library Name

       188         16          0          0          0        272   mc_w.l
      1554          0          0          0          0       1480   mf_w.l

    ----------------------------------------------------------------------
      1748         16          0          0          0       1752   Library Totals

    ----------------------------------------------------------------------

==============================================================================


      Code (inc. data)   RO Data    RW Data    ZI Data      Debug   

      4440        342        268        120       1024     231218   Grand Totals
      4440        342        268        120       1024     231218   ELF Image Totals
      4440        342        268        120          0          0   ROM Totals

==============================================================================

    Total RO  Size (Code + RO Data)                 4708 (   4.60kB)
    Total RW  Size (RW Data + ZI Data)              1144 (   1.12kB)
    Total ROM Size (Code + RO Data + RW Data)       4828 (   4.71kB)

==============================================================================

