Component: ARM Compiler 5.06 update 7 (build 960) Tool: armlink [4d3601]

==============================================================================

Section Cross References

    principal_uart.o(i.Callback) refers to myuart.o(i.MyUART_Receive) for MyUART_Receive
    principal_uart.o(i.Callback) refers to principal_uart.o(.data) for UART
    principal_uart.o(i.main) refers to mygpio.o(i.MyGPIO_Init) for MyGPIO_Init
    principal_uart.o(i.main) refers to myuart.o(i.MyUART_Init) for MyUART_Init
    principal_uart.o(i.main) refers to myuart.o(i.MyUART_ActiveIT) for MyUART_ActiveIT
    principal_uart.o(i.main) refers to myuart.o(i.MyUART_Send) for MyUART_Send
    principal_uart.o(i.main) refers to principal_uart.o(.data) for UART
    principal_uart.o(i.main) refers to principal_uart.o(i.Callback) for Callback
    mygpio.o(i.MyGPIO_Init) refers to mygpio.o(i.MyGPIO_Set) for MyGPIO_Set
    mygpio.o(i.MyGPIO_Toggle) refers to mygpio.o(i.MyGPIO_Reset) for MyGPIO_Reset
    mygpio.o(i.MyGPIO_Toggle) refers to mygpio.o(i.MyGPIO_Set) for MyGPIO_Set
    myuart.o(i.MyUART_ActiveIT) refers to myuart.o(i.__NVIC_EnableIRQ) for __NVIC_EnableIRQ
    myuart.o(i.MyUART_ActiveIT) refers to myuart.o(i.__NVIC_SetPriority) for __NVIC_SetPriority
    myuart.o(i.MyUART_ActiveIT) refers to myuart.o(.data) for ptrUART1
    myuart.o(i.MyUART_Init) refers to mygpio.o(i.MyGPIO_Init) for MyGPIO_Init
    myuart.o(i.USART1_IRQHandler) refers to myuart.o(.data) for ptrUART1
    myuart.o(i.USART3_IRQHandler) refers to myuart.o(.data) for ptrUART3
    startup_stm32f10x_md.o(RESET) refers to startup_stm32f10x_md.o(STACK) for __initial_sp
    startup_stm32f10x_md.o(RESET) refers to startup_stm32f10x_md.o(.text) for Reset_Handler
    startup_stm32f10x_md.o(RESET) refers to myuart.o(i.USART1_IRQHandler) for USART1_IRQHandler
    startup_stm32f10x_md.o(RESET) refers to myuart.o(i.USART3_IRQHandler) for USART3_IRQHandler
    startup_stm32f10x_md.o(.text) refers to system_stm32f10x.o(i.SystemInit) for SystemInit
    startup_stm32f10x_md.o(.text) refers to entry.o(.ARM.Collect$$$$00000000) for __main
    system_stm32f10x.o(i.SetSysClock) refers to system_stm32f10x.o(i.SetSysClockTo72) for SetSysClockTo72
    system_stm32f10x.o(i.SystemCoreClockUpdate) refers to system_stm32f10x.o(.data) for SystemCoreClock
    system_stm32f10x.o(i.SystemInit) refers to system_stm32f10x.o(i.SetSysClock) for SetSysClock
    entry.o(.ARM.Collect$$$$00000000) refers (Special) to entry10a.o(.ARM.Collect$$$$0000000F) for __rt_final_cpp
    entry.o(.ARM.Collect$$$$00000000) refers (Special) to entry11a.o(.ARM.Collect$$$$00000011) for __rt_final_exit
    entry.o(.ARM.Collect$$$$00000000) refers (Special) to entry12b.o(.ARM.Collect$$$$0000000E) for __rt_lib_shutdown_fini
    entry.o(.ARM.Collect$$$$00000000) refers (Special) to entry7b.o(.ARM.Collect$$$$00000008) for _main_clock
    entry.o(.ARM.Collect$$$$00000000) refers (Special) to entry8b.o(.ARM.Collect$$$$0000000A) for _main_cpp_init
    entry.o(.ARM.Collect$$$$00000000) refers (Special) to entry9a.o(.ARM.Collect$$$$0000000B) for _main_init
    entry.o(.ARM.Collect$$$$00000000) refers (Special) to entry5.o(.ARM.Collect$$$$00000004) for _main_scatterload
    entry.o(.ARM.Collect$$$$00000000) refers (Special) to entry2.o(.ARM.Collect$$$$00000001) for _main_stk
    entry2.o(.ARM.Collect$$$$00000001) refers to entry2.o(.ARM.Collect$$$$00002712) for __lit__00000000
    entry2.o(.ARM.Collect$$$$00002712) refers to startup_stm32f10x_md.o(STACK) for __initial_sp
    entry2.o(__vectab_stack_and_reset_area) refers to startup_stm32f10x_md.o(STACK) for __initial_sp
    entry2.o(__vectab_stack_and_reset_area) refers to entry.o(.ARM.Collect$$$$00000000) for __main
    entry5.o(.ARM.Collect$$$$00000004) refers to init.o(.text) for __scatterload
    entry9a.o(.ARM.Collect$$$$0000000B) refers to principal_uart.o(i.main) for main
    entry9b.o(.ARM.Collect$$$$0000000C) refers to principal_uart.o(i.main) for main
    init.o(.text) refers to entry5.o(.ARM.Collect$$$$00000004) for __main_after_scatterload


==============================================================================

Removing Unused input sections from the image.

    Removing principal_uart.o(.rev16_text), (4 bytes).
    Removing principal_uart.o(.revsh_text), (4 bytes).
    Removing principal_uart.o(.rrx_text), (6 bytes).
    Removing mygpio.o(.rev16_text), (4 bytes).
    Removing mygpio.o(.revsh_text), (4 bytes).
    Removing mygpio.o(.rrx_text), (6 bytes).
    Removing mygpio.o(i.MyGPIO_Read), (12 bytes).
    Removing mygpio.o(i.MyGPIO_Reset), (12 bytes).
    Removing mygpio.o(i.MyGPIO_Toggle), (36 bytes).
    Removing myuart.o(.rev16_text), (4 bytes).
    Removing myuart.o(.revsh_text), (4 bytes).
    Removing myuart.o(.rrx_text), (6 bytes).
    Removing startup_stm32f10x_md.o(HEAP), (512 bytes).
    Removing system_stm32f10x.o(.rev16_text), (4 bytes).
    Removing system_stm32f10x.o(.revsh_text), (4 bytes).
    Removing system_stm32f10x.o(.rrx_text), (6 bytes).
    Removing system_stm32f10x.o(i.SystemCoreClockUpdate), (164 bytes).
    Removing system_stm32f10x.o(.data), (20 bytes).

18 unused section(s) (total 812 bytes) removed from the image.

==============================================================================

Image Symbol Table

    Local Symbols

    Symbol Name                              Value     Ov Type        Size  Object(Section)

    ../clib/microlib/init/entry.s            0x00000000   Number         0  entry9a.o ABSOLUTE
    ../clib/microlib/init/entry.s            0x00000000   Number         0  entry7b.o ABSOLUTE
    ../clib/microlib/init/entry.s            0x00000000   Number         0  entry8a.o ABSOLUTE
    ../clib/microlib/init/entry.s            0x00000000   Number         0  entry12b.o ABSOLUTE
    ../clib/microlib/init/entry.s            0x00000000   Number         0  entry11b.o ABSOLUTE
    ../clib/microlib/init/entry.s            0x00000000   Number         0  entry8b.o ABSOLUTE
    ../clib/microlib/init/entry.s            0x00000000   Number         0  entry11a.o ABSOLUTE
    ../clib/microlib/init/entry.s            0x00000000   Number         0  entry10b.o ABSOLUTE
    ../clib/microlib/init/entry.s            0x00000000   Number         0  entry10a.o ABSOLUTE
    ../clib/microlib/init/entry.s            0x00000000   Number         0  entry9b.o ABSOLUTE
    ../clib/microlib/init/entry.s            0x00000000   Number         0  entry12a.o ABSOLUTE
    ../clib/microlib/init/entry.s            0x00000000   Number         0  entry7a.o ABSOLUTE
    ../clib/microlib/init/entry.s            0x00000000   Number         0  entry.o ABSOLUTE
    ../clib/microlib/init/entry.s            0x00000000   Number         0  entry5.o ABSOLUTE
    ../clib/microlib/init/entry.s            0x00000000   Number         0  entry2.o ABSOLUTE
    ..\..\_DRIVERS\Source\MyGPIO.c           0x00000000   Number         0  mygpio.o ABSOLUTE
    ..\..\_DRIVERS\Source\MyUART.c           0x00000000   Number         0  myuart.o ABSOLUTE
    ..\\..\\_DRIVERS\\Source\\MyGPIO.c       0x00000000   Number         0  mygpio.o ABSOLUTE
    ..\\..\\_DRIVERS\\Source\\MyUART.c       0x00000000   Number         0  myuart.o ABSOLUTE
    RTE\Device\STM32F103RB\startup_stm32f10x_md.s 0x00000000   Number         0  startup_stm32f10x_md.o ABSOLUTE
    RTE\Device\STM32F103RB\system_stm32f10x.c 0x00000000   Number         0  system_stm32f10x.o ABSOLUTE
    RTE\\Device\\STM32F103RB\\system_stm32f10x.c 0x00000000   Number         0  system_stm32f10x.o ABSOLUTE
    Source\Principal_UART.c                  0x00000000   Number         0  principal_uart.o ABSOLUTE
    Source\\Principal_UART.c                 0x00000000   Number         0  principal_uart.o ABSOLUTE
    dc.s                                     0x00000000   Number         0  dc.o ABSOLUTE
    handlers.s                               0x00000000   Number         0  handlers.o ABSOLUTE
    init.s                                   0x00000000   Number         0  init.o ABSOLUTE
    RESET                                    0x08000000   Section      236  startup_stm32f10x_md.o(RESET)
    .ARM.Collect$$$$00000000                 0x080000ec   Section        0  entry.o(.ARM.Collect$$$$00000000)
    .ARM.Collect$$$$00000001                 0x080000ec   Section        4  entry2.o(.ARM.Collect$$$$00000001)
    .ARM.Collect$$$$00000004                 0x080000f0   Section        4  entry5.o(.ARM.Collect$$$$00000004)
    .ARM.Collect$$$$00000008                 0x080000f4   Section        0  entry7b.o(.ARM.Collect$$$$00000008)
    .ARM.Collect$$$$0000000A                 0x080000f4   Section        0  entry8b.o(.ARM.Collect$$$$0000000A)
    .ARM.Collect$$$$0000000B                 0x080000f4   Section        8  entry9a.o(.ARM.Collect$$$$0000000B)
    .ARM.Collect$$$$0000000E                 0x080000fc   Section        4  entry12b.o(.ARM.Collect$$$$0000000E)
    .ARM.Collect$$$$0000000F                 0x08000100   Section        0  entry10a.o(.ARM.Collect$$$$0000000F)
    .ARM.Collect$$$$00000011                 0x08000100   Section        0  entry11a.o(.ARM.Collect$$$$00000011)
    .ARM.Collect$$$$00002712                 0x08000100   Section        4  entry2.o(.ARM.Collect$$$$00002712)
    __lit__00000000                          0x08000100   Data           4  entry2.o(.ARM.Collect$$$$00002712)
    .text                                    0x08000104   Section       36  startup_stm32f10x_md.o(.text)
    .text                                    0x08000128   Section       36  init.o(.text)
    i.Callback                               0x0800014c   Section        0  principal_uart.o(i.Callback)
    i.MyGPIO_Init                            0x08000164   Section        0  mygpio.o(i.MyGPIO_Init)
    i.MyGPIO_Set                             0x08000274   Section        0  mygpio.o(i.MyGPIO_Set)
    i.MyUART_ActiveIT                        0x0800027c   Section        0  myuart.o(i.MyUART_ActiveIT)
    i.MyUART_Init                            0x080002d0   Section        0  myuart.o(i.MyUART_Init)
    i.MyUART_Receive                         0x0800037c   Section        0  myuart.o(i.MyUART_Receive)
    i.MyUART_Send                            0x08000384   Section        0  myuart.o(i.MyUART_Send)
    i.SetSysClock                            0x080003a0   Section        0  system_stm32f10x.o(i.SetSysClock)
    SetSysClock                              0x080003a1   Thumb Code     8  system_stm32f10x.o(i.SetSysClock)
    i.SetSysClockTo72                        0x080003a8   Section        0  system_stm32f10x.o(i.SetSysClockTo72)
    SetSysClockTo72                          0x080003a9   Thumb Code   214  system_stm32f10x.o(i.SetSysClockTo72)
    i.SystemInit                             0x08000488   Section        0  system_stm32f10x.o(i.SystemInit)
    i.USART1_IRQHandler                      0x080004e8   Section        0  myuart.o(i.USART1_IRQHandler)
    i.USART3_IRQHandler                      0x080004fc   Section        0  myuart.o(i.USART3_IRQHandler)
    i.__NVIC_EnableIRQ                       0x08000510   Section        0  myuart.o(i.__NVIC_EnableIRQ)
    __NVIC_EnableIRQ                         0x08000511   Thumb Code    34  myuart.o(i.__NVIC_EnableIRQ)
    i.__NVIC_SetPriority                     0x08000534   Section        0  myuart.o(i.__NVIC_SetPriority)
    __NVIC_SetPriority                       0x08000535   Thumb Code    32  myuart.o(i.__NVIC_SetPriority)
    i.__scatterload_copy                     0x0800055c   Section       14  handlers.o(i.__scatterload_copy)
    i.__scatterload_null                     0x0800056a   Section        2  handlers.o(i.__scatterload_null)
    i.__scatterload_zeroinit                 0x0800056c   Section       14  handlers.o(i.__scatterload_zeroinit)
    i.main                                   0x0800057c   Section        0  principal_uart.o(i.main)
    .data                                    0x20000000   Section       13  principal_uart.o(.data)
    .data                                    0x20000010   Section        8  myuart.o(.data)
    STACK                                    0x20000018   Section     1024  startup_stm32f10x_md.o(STACK)

    Global Symbols

    Symbol Name                              Value     Ov Type        Size  Object(Section)

    BuildAttributes$$THM_ISAv4$P$D$K$B$S$PE$A:L22UL41UL21$X:L11$S22US41US21$IEEE1$IW$USESV6$~STKCKD$USESV7$~SHL$OSPACE$EBA8$MICROLIB$REQ8$PRES8$EABIv2 0x00000000   Number         0  anon$$obj.o ABSOLUTE
    __ARM_use_no_argv                        0x00000000   Number         0  principal_uart.o ABSOLUTE
    __arm_fini_                               - Undefined Weak Reference
    __cpp_initialize__aeabi_                  - Undefined Weak Reference
    __cxa_finalize                            - Undefined Weak Reference
    __decompress                              - Undefined Weak Reference
    _clock_init                               - Undefined Weak Reference
    _microlib_exit                            - Undefined Weak Reference
    __Vectors_Size                           0x000000ec   Number         0  startup_stm32f10x_md.o ABSOLUTE
    __Vectors                                0x08000000   Data           4  startup_stm32f10x_md.o(RESET)
    __Vectors_End                            0x080000ec   Data           0  startup_stm32f10x_md.o(RESET)
    __main                                   0x080000ed   Thumb Code     0  entry.o(.ARM.Collect$$$$00000000)
    _main_stk                                0x080000ed   Thumb Code     0  entry2.o(.ARM.Collect$$$$00000001)
    _main_scatterload                        0x080000f1   Thumb Code     0  entry5.o(.ARM.Collect$$$$00000004)
    __main_after_scatterload                 0x080000f5   Thumb Code     0  entry5.o(.ARM.Collect$$$$00000004)
    _main_clock                              0x080000f5   Thumb Code     0  entry7b.o(.ARM.Collect$$$$00000008)
    _main_cpp_init                           0x080000f5   Thumb Code     0  entry8b.o(.ARM.Collect$$$$0000000A)
    _main_init                               0x080000f5   Thumb Code     0  entry9a.o(.ARM.Collect$$$$0000000B)
    __rt_lib_shutdown_fini                   0x080000fd   Thumb Code     0  entry12b.o(.ARM.Collect$$$$0000000E)
    __rt_final_cpp                           0x08000101   Thumb Code     0  entry10a.o(.ARM.Collect$$$$0000000F)
    __rt_final_exit                          0x08000101   Thumb Code     0  entry11a.o(.ARM.Collect$$$$00000011)
    Reset_Handler                            0x08000105   Thumb Code     8  startup_stm32f10x_md.o(.text)
    NMI_Handler                              0x0800010d   Thumb Code     2  startup_stm32f10x_md.o(.text)
    HardFault_Handler                        0x0800010f   Thumb Code     2  startup_stm32f10x_md.o(.text)
    MemManage_Handler                        0x08000111   Thumb Code     2  startup_stm32f10x_md.o(.text)
    BusFault_Handler                         0x08000113   Thumb Code     2  startup_stm32f10x_md.o(.text)
    UsageFault_Handler                       0x08000115   Thumb Code     2  startup_stm32f10x_md.o(.text)
    SVC_Handler                              0x08000117   Thumb Code     2  startup_stm32f10x_md.o(.text)
    DebugMon_Handler                         0x08000119   Thumb Code     2  startup_stm32f10x_md.o(.text)
    PendSV_Handler                           0x0800011b   Thumb Code     2  startup_stm32f10x_md.o(.text)
    SysTick_Handler                          0x0800011d   Thumb Code     2  startup_stm32f10x_md.o(.text)
    ADC1_2_IRQHandler                        0x0800011f   Thumb Code     0  startup_stm32f10x_md.o(.text)
    CAN1_RX1_IRQHandler                      0x0800011f   Thumb Code     0  startup_stm32f10x_md.o(.text)
    CAN1_SCE_IRQHandler                      0x0800011f   Thumb Code     0  startup_stm32f10x_md.o(.text)
    DMA1_Channel1_IRQHandler                 0x0800011f   Thumb Code     0  startup_stm32f10x_md.o(.text)
    DMA1_Channel2_IRQHandler                 0x0800011f   Thumb Code     0  startup_stm32f10x_md.o(.text)
    DMA1_Channel3_IRQHandler                 0x0800011f   Thumb Code     0  startup_stm32f10x_md.o(.text)
    DMA1_Channel4_IRQHandler                 0x0800011f   Thumb Code     0  startup_stm32f10x_md.o(.text)
    DMA1_Channel5_IRQHandler                 0x0800011f   Thumb Code     0  startup_stm32f10x_md.o(.text)
    DMA1_Channel6_IRQHandler                 0x0800011f   Thumb Code     0  startup_stm32f10x_md.o(.text)
    DMA1_Channel7_IRQHandler                 0x0800011f   Thumb Code     0  startup_stm32f10x_md.o(.text)
    EXTI0_IRQHandler                         0x0800011f   Thumb Code     0  startup_stm32f10x_md.o(.text)
    EXTI15_10_IRQHandler                     0x0800011f   Thumb Code     0  startup_stm32f10x_md.o(.text)
    EXTI1_IRQHandler                         0x0800011f   Thumb Code     0  startup_stm32f10x_md.o(.text)
    EXTI2_IRQHandler                         0x0800011f   Thumb Code     0  startup_stm32f10x_md.o(.text)
    EXTI3_IRQHandler                         0x0800011f   Thumb Code     0  startup_stm32f10x_md.o(.text)
    EXTI4_IRQHandler                         0x0800011f   Thumb Code     0  startup_stm32f10x_md.o(.text)
    EXTI9_5_IRQHandler                       0x0800011f   Thumb Code     0  startup_stm32f10x_md.o(.text)
    FLASH_IRQHandler                         0x0800011f   Thumb Code     0  startup_stm32f10x_md.o(.text)
    I2C1_ER_IRQHandler                       0x0800011f   Thumb Code     0  startup_stm32f10x_md.o(.text)
    I2C1_EV_IRQHandler                       0x0800011f   Thumb Code     0  startup_stm32f10x_md.o(.text)
    I2C2_ER_IRQHandler                       0x0800011f   Thumb Code     0  startup_stm32f10x_md.o(.text)
    I2C2_EV_IRQHandler                       0x0800011f   Thumb Code     0  startup_stm32f10x_md.o(.text)
    PVD_IRQHandler                           0x0800011f   Thumb Code     0  startup_stm32f10x_md.o(.text)
    RCC_IRQHandler                           0x0800011f   Thumb Code     0  startup_stm32f10x_md.o(.text)
    RTCAlarm_IRQHandler                      0x0800011f   Thumb Code     0  startup_stm32f10x_md.o(.text)
    RTC_IRQHandler                           0x0800011f   Thumb Code     0  startup_stm32f10x_md.o(.text)
    SPI1_IRQHandler                          0x0800011f   Thumb Code     0  startup_stm32f10x_md.o(.text)
    SPI2_IRQHandler                          0x0800011f   Thumb Code     0  startup_stm32f10x_md.o(.text)
    TAMPER_IRQHandler                        0x0800011f   Thumb Code     0  startup_stm32f10x_md.o(.text)
    TIM1_BRK_IRQHandler                      0x0800011f   Thumb Code     0  startup_stm32f10x_md.o(.text)
    TIM1_CC_IRQHandler                       0x0800011f   Thumb Code     0  startup_stm32f10x_md.o(.text)
    TIM1_TRG_COM_IRQHandler                  0x0800011f   Thumb Code     0  startup_stm32f10x_md.o(.text)
    TIM1_UP_IRQHandler                       0x0800011f   Thumb Code     0  startup_stm32f10x_md.o(.text)
    TIM2_IRQHandler                          0x0800011f   Thumb Code     0  startup_stm32f10x_md.o(.text)
    TIM3_IRQHandler                          0x0800011f   Thumb Code     0  startup_stm32f10x_md.o(.text)
    TIM4_IRQHandler                          0x0800011f   Thumb Code     0  startup_stm32f10x_md.o(.text)
    USART2_IRQHandler                        0x0800011f   Thumb Code     0  startup_stm32f10x_md.o(.text)
    USBWakeUp_IRQHandler                     0x0800011f   Thumb Code     0  startup_stm32f10x_md.o(.text)
    USB_HP_CAN1_TX_IRQHandler                0x0800011f   Thumb Code     0  startup_stm32f10x_md.o(.text)
    USB_LP_CAN1_RX0_IRQHandler               0x0800011f   Thumb Code     0  startup_stm32f10x_md.o(.text)
    WWDG_IRQHandler                          0x0800011f   Thumb Code     0  startup_stm32f10x_md.o(.text)
    __scatterload                            0x08000129   Thumb Code    28  init.o(.text)
    __scatterload_rt2                        0x08000129   Thumb Code     0  init.o(.text)
    Callback                                 0x0800014d   Thumb Code    16  principal_uart.o(i.Callback)
    MyGPIO_Init                              0x08000165   Thumb Code   252  mygpio.o(i.MyGPIO_Init)
    MyGPIO_Set                               0x08000275   Thumb Code     8  mygpio.o(i.MyGPIO_Set)
    MyUART_ActiveIT                          0x0800027d   Thumb Code    68  myuart.o(i.MyUART_ActiveIT)
    MyUART_Init                              0x080002d1   Thumb Code   142  myuart.o(i.MyUART_Init)
    MyUART_Receive                           0x0800037d   Thumb Code     8  myuart.o(i.MyUART_Receive)
    MyUART_Send                              0x08000385   Thumb Code    28  myuart.o(i.MyUART_Send)
    SystemInit                               0x08000489   Thumb Code    78  system_stm32f10x.o(i.SystemInit)
    USART1_IRQHandler                        0x080004e9   Thumb Code    16  myuart.o(i.USART1_IRQHandler)
    USART3_IRQHandler                        0x080004fd   Thumb Code    16  myuart.o(i.USART3_IRQHandler)
    __scatterload_copy                       0x0800055d   Thumb Code    14  handlers.o(i.__scatterload_copy)
    __scatterload_null                       0x0800056b   Thumb Code     2  handlers.o(i.__scatterload_null)
    __scatterload_zeroinit                   0x0800056d   Thumb Code    14  handlers.o(i.__scatterload_zeroinit)
    main                                     0x0800057d   Thumb Code    50  principal_uart.o(i.main)
    Region$$Table$$Base                      0x080005d0   Number         0  anon$$obj.o(Region$$Table)
    Region$$Table$$Limit                     0x080005f0   Number         0  anon$$obj.o(Region$$Table)
    GPIO_USART_RX                            0x20000000   Data           8  principal_uart.o(.data)
    UART                                     0x20000008   Data           4  principal_uart.o(.data)
    test                                     0x2000000c   Data           1  principal_uart.o(.data)
    ptrUART1                                 0x20000010   Data           4  myuart.o(.data)
    ptrUART3                                 0x20000014   Data           4  myuart.o(.data)
    __initial_sp                             0x20000418   Data           0  startup_stm32f10x_md.o(STACK)



==============================================================================

Memory Map of the image

  Image Entry point : 0x08000105

  Load Region LR_1 (Base: 0x08000000, Size: 0x00000608, Max: 0xffffffff, ABSOLUTE)

    Execution Region ER_RO (Exec base: 0x08000000, Load base: 0x08000000, Size: 0x000005f0, Max: 0xffffffff, ABSOLUTE)

    Exec Addr    Load Addr    Size         Type   Attr      Idx    E Section Name        Object

    0x08000000   0x08000000   0x000000ec   Data   RO          199    RESET               startup_stm32f10x_md.o
    0x080000ec   0x080000ec   0x00000000   Code   RO          250  * .ARM.Collect$$$$00000000  mc_w.l(entry.o)
    0x080000ec   0x080000ec   0x00000004   Code   RO          253    .ARM.Collect$$$$00000001  mc_w.l(entry2.o)
    0x080000f0   0x080000f0   0x00000004   Code   RO          256    .ARM.Collect$$$$00000004  mc_w.l(entry5.o)
    0x080000f4   0x080000f4   0x00000000   Code   RO          258    .ARM.Collect$$$$00000008  mc_w.l(entry7b.o)
    0x080000f4   0x080000f4   0x00000000   Code   RO          260    .ARM.Collect$$$$0000000A  mc_w.l(entry8b.o)
    0x080000f4   0x080000f4   0x00000008   Code   RO          261    .ARM.Collect$$$$0000000B  mc_w.l(entry9a.o)
    0x080000fc   0x080000fc   0x00000004   Code   RO          268    .ARM.Collect$$$$0000000E  mc_w.l(entry12b.o)
    0x08000100   0x08000100   0x00000000   Code   RO          263    .ARM.Collect$$$$0000000F  mc_w.l(entry10a.o)
    0x08000100   0x08000100   0x00000000   Code   RO          265    .ARM.Collect$$$$00000011  mc_w.l(entry11a.o)
    0x08000100   0x08000100   0x00000004   Code   RO          254    .ARM.Collect$$$$00002712  mc_w.l(entry2.o)
    0x08000104   0x08000104   0x00000024   Code   RO          200  * .text               startup_stm32f10x_md.o
    0x08000128   0x08000128   0x00000024   Code   RO          269    .text               mc_w.l(init.o)
    0x0800014c   0x0800014c   0x00000018   Code   RO            4    i.Callback          principal_uart.o
    0x08000164   0x08000164   0x00000110   Code   RO           72    i.MyGPIO_Init       mygpio.o
    0x08000274   0x08000274   0x00000008   Code   RO           75    i.MyGPIO_Set        mygpio.o
    0x0800027c   0x0800027c   0x00000054   Code   RO          120    i.MyUART_ActiveIT   myuart.o
    0x080002d0   0x080002d0   0x000000ac   Code   RO          121    i.MyUART_Init       myuart.o
    0x0800037c   0x0800037c   0x00000008   Code   RO          122    i.MyUART_Receive    myuart.o
    0x08000384   0x08000384   0x0000001c   Code   RO          123    i.MyUART_Send       myuart.o
    0x080003a0   0x080003a0   0x00000008   Code   RO          207    i.SetSysClock       system_stm32f10x.o
    0x080003a8   0x080003a8   0x000000e0   Code   RO          208    i.SetSysClockTo72   system_stm32f10x.o
    0x08000488   0x08000488   0x00000060   Code   RO          210    i.SystemInit        system_stm32f10x.o
    0x080004e8   0x080004e8   0x00000014   Code   RO          124    i.USART1_IRQHandler  myuart.o
    0x080004fc   0x080004fc   0x00000014   Code   RO          125    i.USART3_IRQHandler  myuart.o
    0x08000510   0x08000510   0x00000022   Code   RO          126    i.__NVIC_EnableIRQ  myuart.o
    0x08000532   0x08000532   0x00000002   PAD
    0x08000534   0x08000534   0x00000028   Code   RO          127    i.__NVIC_SetPriority  myuart.o
    0x0800055c   0x0800055c   0x0000000e   Code   RO          273    i.__scatterload_copy  mc_w.l(handlers.o)
    0x0800056a   0x0800056a   0x00000002   Code   RO          274    i.__scatterload_null  mc_w.l(handlers.o)
    0x0800056c   0x0800056c   0x0000000e   Code   RO          275    i.__scatterload_zeroinit  mc_w.l(handlers.o)
    0x0800057a   0x0800057a   0x00000002   PAD
    0x0800057c   0x0800057c   0x00000054   Code   RO            5    i.main              principal_uart.o
    0x080005d0   0x080005d0   0x00000020   Data   RO          271    Region$$Table       anon$$obj.o


    Execution Region ER_RW (Exec base: 0x20000000, Load base: 0x080005f0, Size: 0x00000018, Max: 0xffffffff, ABSOLUTE)

    Exec Addr    Load Addr    Size         Type   Attr      Idx    E Section Name        Object

    0x20000000   0x080005f0   0x0000000d   Data   RW            6    .data               principal_uart.o
    0x2000000d   0x080005fd   0x00000003   PAD
    0x20000010   0x08000600   0x00000008   Data   RW          128    .data               myuart.o


    Execution Region ER_ZI (Exec base: 0x20000018, Load base: 0x08000608, Size: 0x00000400, Max: 0xffffffff, ABSOLUTE)

    Exec Addr    Load Addr    Size         Type   Attr      Idx    E Section Name        Object

    0x20000018        -       0x00000400   Zero   RW          197    STACK               startup_stm32f10x_md.o


==============================================================================

Image component sizes


      Code (inc. data)   RO Data    RW Data    ZI Data      Debug   Object Name

       280         20          0          0          0       1555   mygpio.o
       406         62          0          8          0     207847   myuart.o
       108         42          0         13          0     208772   principal_uart.o
        36          8        236          0       1024        856   startup_stm32f10x_md.o
       328         28          0          0          0       2165   system_stm32f10x.o

    ----------------------------------------------------------------------
      1160        160        268         24       1024     421195   Object Totals
         0          0         32          0          0          0   (incl. Generated)
         2          0          0          3          0          0   (incl. Padding)

    ----------------------------------------------------------------------

      Code (inc. data)   RO Data    RW Data    ZI Data      Debug   Library Member Name

         0          0          0          0          0          0   entry.o
         0          0          0          0          0          0   entry10a.o
         0          0          0          0          0          0   entry11a.o
         4          0          0          0          0          0   entry12b.o
         8          4          0          0          0          0   entry2.o
         4          0          0          0          0          0   entry5.o
         0          0          0          0          0          0   entry7b.o
         0          0          0          0          0          0   entry8b.o
         8          4          0          0          0          0   entry9a.o
        30          0          0          0          0          0   handlers.o
        36          8          0          0          0         68   init.o

    ----------------------------------------------------------------------
        92         16          0          0          0         68   Library Totals
         2          0          0          0          0          0   (incl. Padding)

    ----------------------------------------------------------------------

      Code (inc. data)   RO Data    RW Data    ZI Data      Debug   Library Name

        90         16          0          0          0         68   mc_w.l

    ----------------------------------------------------------------------
        92         16          0          0          0         68   Library Totals

    ----------------------------------------------------------------------

==============================================================================


      Code (inc. data)   RO Data    RW Data    ZI Data      Debug   

      1252        176        268         24       1024     420791   Grand Totals
      1252        176        268         24       1024     420791   ELF Image Totals
      1252        176        268         24          0          0   ROM Totals

==============================================================================

    Total RO  Size (Code + RO Data)                 1520 (   1.48kB)
    Total RW  Size (RW Data + ZI Data)              1048 (   1.02kB)
    Total ROM Size (Code + RO Data + RW Data)       1544 (   1.51kB)

==============================================================================

